[Map]
author=Tim Martin
image=3D Cliff.bmp
wrap=no
scroll=none
warn=no

[Continents]
clifftop=4
ledge=3
bottom=3
leftstair=3
rightstair=3

[Territories]
topleft,300,150,clifftop,topleftc,fourthleft,thirdleft,ledgeleft
topleftc,400,130,clifftop,topleft,toprightc,topright,ledgecentre
toprightc,500,130,clifftop,topleftc,topright
topright,600,150,clifftop,topleftc,toprightc,fifthright,thirdright,ledgeright

ledgeleft,277,290,ledge,ledgecentre,thirdleft,secondleft,bottomleft
ledgecentre,400,315,ledge,ledgeleft,ledgefront,ledgeright,bottomleft
ledgeright,545,310,ledge,ledgecentre,thirdright,secondright,bottomright
ledgefront,390,385,ledge,ledgecentre,bottomleft,bottomleftc,bottomrightc,bottomright

bottomleft,230,390,bottom,bottomleftc,firstleft,ledgefront
bottomleftc,234,453,bottom,bottomleft,bottomrightc,firstleft,ledgefront
bottomrightc,420,457,bottom,bottomleftc,bottomright,ledgefront
bottomright,537,411,bottom,bottomrightc,firstright,ledgefront,ledgeright

firstleft,70,435,leftstair,secondleft,bottomleft,bottomleftc
secondleft,131,313,leftstair,firstleft,thirdleft,ledgeleft
thirdleft,152,228,leftstair,secondleft,fourthleft,ledgeleft,thirdright
fourthleft,195,132,leftstair,thirdleft,topleft

firstright,643,431,rightstair,secondright,bottomright
secondright,714,358,rightstair,firstright,thirdright,ledgeright
thirdright,721,271,rightstair,secondright,fourthright,ledgeright,thirdleft
fourthright,825,220,rightstair,thirdright,fifthright
fifthright,740,160,rightstair,thirdright,fourthright,topright